Lockfile is up to date, resolution step is skipped
Progress: resolved 1, reused 0, downloaded 0, added 0
Packages: +247
++++++++++++++++++++++++++++++++++++++++++++++++++++++++++++++++++++++++++++++++
Progress: resolved 247, reused 247, downloaded 0, added 247, done

dependencies:
+ @clack/core 1.2.0
+ @clack/prompts 1.2.0
+ @onecli-sh/sdk 2.2.1
+ better-sqlite3 13.0.3
+ busboy 1.6.0
+ chat 4.29.0
+ cron-parser 5.5.0
+ kleur 4.1.5
+ undici 7.29.0
+ ws 8.21.1
+ yaml 2.9.0

devDependencies:
+ @eslint/js 9.39.4
+ @types/better-sqlite3 7.6.13
+ @types/busboy 1.5.4
+ @types/node 22.19.17
+ @types/ws 8.18.1
+ eslint 9.39.4
+ eslint-plugin-no-catch-all 1.1.0
+ globals 15.15.0
+ husky 9.1.7
+ prettier 3.8.2
+ tsx 4.21.0
+ typescript 5.9.3
+ typescript-eslint 8.58.2
+ vitest 4.1.4

. prepare$ husky
. prepare: Done
╭ Warning ─────────────────────────────────────────────────────────────────────╮
│                                                                              │
│   Ignored build scripts: better-sqlite3@13.0.3.                              │
│   Run "pnpm approve-builds" to pick which dependencies should be allowed     │
│   to run scripts.                                                            │
│                                                                              │
╰──────────────────────────────────────────────────────────────────────────────╯
Done in 1.7s using pnpm v10.34.5
INSTALL_OK
